
Memory Configuration

Name             Origin             Length             Attributes
FLASH            0x000000000002c4d0 0x0000000000001ab0
RAM              0x000000002001c000 0x0000000000003800
*default*        0x0000000000000000 0xffffffffffffffff

Linker script and memory map

                0x000000000134db38                target_fw = 0x134db38
                0x000000000002c4d0                custom_flash_base = 0x2c4d0
                0x000000002001c000                custom_ram_base = 0x2001c000
                0x0000000000004f8c                handle_reset_orig = 0x4f8c
                0x000000000002c430                curbrk_init = 0x2c430
                0x000000000000a8ea                handle_usb_cmd_2_hook = 0xa8ea
                0x000000000000a4ba                handle_usb_cmd_2_fail = 0xa4ba
                0x000000000000a492                handle_usb_cmd_2_ret = 0xa492
                0x0000000020010444                g_key_single_count = 0x20010444
                0x00000000200133c4                g_key_idk = 0x200133c4
                0x00000000200132e4                g_key_color_state = 0x200132e4
                0x000000002000dc30                g_key_pressed = 0x2000dc30
                0x0000000020013118                g_menu_items = 0x20013118
                0x000000002000cf64                g_menu_item_count = 0x2000cf64
                0x00000000000066dc                screen_layer_update_menu_hook = 0x66dc
                0x00000000000066fa                screen_layer_update_no_menu = 0x66fa
                0x0000000000006b80                screen_layer_update_hook = 0x6b80
                0x00000000000066e0                screen_layer_update_ret = 0x66e0
                0x00000000000067aa                screen_layer_update_boot_screen = 0x67aa
                0x00000000000094de                menu_tick = 0x94de
                0x00000000000094f2                menu_tick_fb_clear = 0x94f2
                0x0000000000007d4c                menu_device = 0x7d4c
                0x0000000000007be0                menu_device_info = 0x7be0
                0x000000000000eb3c                ms_callback_hook = 0xeb3c
                0x000000000002bd96                ms_callback_orig = 0x2bd96
                0x0000000000005df6                draw_number = 0x5df6
                0x00000000000059dc                draw_ascii_char = 0x59dc
                0x000000000001add8                g_font = 0x1add8
                0x000000002001c40c                _end = _ebss

.text           0x000000000002c4d0      0xcfc
                0x000000000002c4d0                . = ALIGN (0x4)
 *(.text)
 .text          0x000000000002c4d0      0xafa C:\Users\Khang\AppData\Local\Temp\ccyGoMZz.o
                0x000000000002c4d0                handle_reset_custom
                0x000000000002c51e                get_analog_key
                0x000000000002c55c                custom_widget_handler
                0x000000000002ceba                ms_callback_custom
                0x000000000002cf52                screen_layer_update_custom
                0x000000000002cf66                screen_layer_update_menu_custom
                0x000000000002cf80                menu_device_info_custom
 *(.text.*)
 *(.rodata)
 *fill*         0x000000000002cfca        0x2 
 .rodata        0x000000000002cfcc      0x102 C:\Users\Khang\AppData\Local\Temp\ccyGoMZz.o
 *(.rodata*)
 *fill*         0x000000000002d0ce        0x2 
 .rodata.str4.4
                0x000000000002d0d0       0xfc C:\Users\Khang\AppData\Local\Temp\ccyGoMZz.o
 *(.gnu.linkonce.t.*)
                0x000000000002d1cc                . = ALIGN (0x4)

.rela.dyn       0x000000000002d1cc        0x0
 .rela.text     0x000000000002d1cc        0x0 C:\Users\Khang\AppData\Local\Temp\ccyGoMZz.o

.dalign         0x000000002001c000        0x0 load address 0x000000000002d1cc
                0x000000002001c000                . = ALIGN (0x4)
                0x000000002001c000                PROVIDE (_data_vma = .)

.dlalign        0x000000000002d1cc        0x0
                0x000000000002d1cc                . = ALIGN (0x4)
                0x000000000002d1cc                PROVIDE (_data_lma = .)

.data           0x000000002001c000       0x10 load address 0x000000000002d1cc
 *(.gnu.linkonce.r.*)
 *(.data .data.*)
 .data          0x000000002001c000        0xb C:\Users\Khang\AppData\Local\Temp\ccyGoMZz.o
 *(.gnu.linkonce.d.*)
                0x000000002001c010                . = ALIGN (0x8)
 *fill*         0x000000002001c00b        0x5 
                [!provide]                        PROVIDE (__global_pointer$ = (. + 0x800))
 *(.sdata .sdata.*)
 *(.sdata2.*)
 *(.gnu.linkonce.s.*)
                0x000000002001c010                . = ALIGN (0x8)
 *(.srodata.cst16)
 *(.srodata.cst8)
 *(.srodata.cst4)
 *(.srodata.cst2)
 *(.srodata .srodata.*)
                0x000000002001c010                . = ALIGN (0x4)
                0x000000002001c010                PROVIDE (_edata = .)

.bss            0x000000002001c010      0x3fc load address 0x000000000002d1dc
                0x000000002001c010                . = ALIGN (0x4)
                0x000000002001c010                PROVIDE (_sbss = .)
 *(.sbss*)
 .sbss          0x000000002001c010        0x6 C:\Users\Khang\AppData\Local\Temp\ccyGoMZz.o
 *(.gnu.linkonce.sb.*)
 *(.bss*)
 *fill*         0x000000002001c016        0x2 
 .bss           0x000000002001c018      0x3f4 C:\Users\Khang\AppData\Local\Temp\ccyGoMZz.o
 *(.gnu.linkonce.b.*)
 *(COMMON*)
                0x000000002001c40c                . = ALIGN (0x4)
                0x000000002001c40c                PROVIDE (_ebss = .)
LOAD C:\Users\Khang\AppData\Local\Temp\ccyGoMZz.o
LOAD c:/mounriver/mrs_community/toolchain/risc-v embedded gcc12/bin/../lib/gcc/riscv-none-elf/12.2.0/rv32imafc_xw/ilp32f\libgcc.a
START GROUP
LOAD c:/mounriver/mrs_community/toolchain/risc-v embedded gcc12/bin/../lib/gcc/riscv-none-elf/12.2.0/../../../../riscv-none-elf/lib/rv32imafc_xw/ilp32f\libc.a
LOAD c:/mounriver/mrs_community/toolchain/risc-v embedded gcc12/bin/../lib/gcc/riscv-none-elf/12.2.0/../../../../riscv-none-elf/lib/rv32imafc_xw/ilp32f\libgloss.a
END GROUP
LOAD c:/mounriver/mrs_community/toolchain/risc-v embedded gcc12/bin/../lib/gcc/riscv-none-elf/12.2.0/rv32imafc_xw/ilp32f\libgcc.a
OUTPUT(main.o elf32-littleriscv)

.comment        0x0000000000000000       0x31
 .comment       0x0000000000000000       0x31 C:\Users\Khang\AppData\Local\Temp\ccyGoMZz.o
                                         0x32 (size before relaxing)

.riscv.attributes
                0x0000000000000000       0x36
 .riscv.attributes
                0x0000000000000000       0x36 C:\Users\Khang\AppData\Local\Temp\ccyGoMZz.o
